// Jest Snapshot v1, https://goo.gl/fbAQLP

exports[`/<LoadMorePosts /> should match snapshots 1`] = `
<button
  class="button"
>
  Load More Posts
</button>
`;
